io.crnk.example.vertx.AppComponent -> io.crnk.example.vertx.AppComponent:
# {"fileName":"AppComponent.java","id":"sourceFile"}
    io.crnk.example.vertx.AppServer server() -> server
io.crnk.example.vertx.AppMain -> io.crnk.example.vertx.AppMain:
# {"fileName":"AppMain.java","id":"sourceFile"}
    org.slf4j.Logger LOGGER -> LOGGER
    6:6:void <init>() -> <init>
    11:17:void main(java.lang.String[]) -> main
    8:8:void <clinit>() -> <clinit>
io.crnk.example.vertx.AppModule -> io.crnk.example.vertx.AppModule:
# {"fileName":"AppModule.java","id":"sourceFile"}
    20:20:void <init>() -> <init>
io.crnk.example.vertx.AppModule_AuthProviderFactory -> io.crnk.example.vertx.AppModule_AuthProviderFactory:
# {"fileName":"AppModule_AuthProviderFactory.java","id":"sourceFile"}
    io.crnk.example.vertx.AppModule module -> module
    28:30:void <init>(io.crnk.example.vertx.AppModule) -> <init>
    38:38:io.crnk.example.vertx.AppModule_AuthProviderFactory create(io.crnk.example.vertx.AppModule) -> create
io.crnk.example.vertx.AppModule_HomeModuleFactory -> io.crnk.example.vertx.AppModule_HomeModuleFactory:
# {"fileName":"AppModule_HomeModuleFactory.java","id":"sourceFile"}
    io.crnk.example.vertx.AppModule module -> module
    28:30:void <init>(io.crnk.example.vertx.AppModule) -> <init>
    38:38:io.crnk.example.vertx.AppModule_HomeModuleFactory create(io.crnk.example.vertx.AppModule) -> create
io.crnk.example.vertx.AppModule_ProjectRepositoryFactory -> io.crnk.example.vertx.AppModule_ProjectRepositoryFactory:
# {"fileName":"AppModule_ProjectRepositoryFactory.java","id":"sourceFile"}
    io.crnk.example.vertx.AppModule module -> module
    28:30:void <init>(io.crnk.example.vertx.AppModule) -> <init>
    38:38:io.crnk.example.vertx.AppModule_ProjectRepositoryFactory create(io.crnk.example.vertx.AppModule) -> create
io.crnk.example.vertx.AppModule_SecurityModuleFactory -> io.crnk.example.vertx.AppModule_SecurityModuleFactory:
# {"fileName":"AppModule_SecurityModuleFactory.java","id":"sourceFile"}
    io.crnk.example.vertx.AppModule module -> module
    28:30:void <init>(io.crnk.example.vertx.AppModule) -> <init>
    38:38:io.crnk.example.vertx.AppModule_SecurityModuleFactory create(io.crnk.example.vertx.AppModule) -> create
io.crnk.example.vertx.AppModule_SecurityProviderFactory -> io.crnk.example.vertx.AppModule_SecurityProviderFactory:
# {"fileName":"AppModule_SecurityProviderFactory.java","id":"sourceFile"}
    io.crnk.example.vertx.AppModule module -> module
    javax.inject.Provider authProvider -> authProvider
    31:34:void <init>(io.crnk.example.vertx.AppModule,javax.inject.Provider) -> <init>
    43:43:io.crnk.example.vertx.AppModule_SecurityProviderFactory create(io.crnk.example.vertx.AppModule,javax.inject.Provider) -> create
io.crnk.example.vertx.AppServer -> io.crnk.example.vertx.AppServer:
# {"fileName":"AppServer.java","id":"sourceFile"}
    io.crnk.example.vertx.CrnkVerticle vehicle -> vehicle
    io.vertx.core.Vertx vertx -> vertx
    18:20:void <init>(io.crnk.example.vertx.CrnkVerticle) -> <init>
    23:40:void start() -> start
    50:50:java.lang.String getBaseUrl() -> getBaseUrl
    28:34:void lambda$start$0(io.reactivex.rxjava3.subjects.SingleSubject,io.vertx.core.AsyncResult) -> lambda$start$0
io.crnk.example.vertx.CrnkVerticle -> io.crnk.example.vertx.CrnkVerticle:
# {"fileName":"CrnkVerticle.java","id":"sourceFile"}
    org.slf4j.Logger LOGGER -> LOGGER
    java.util.Set repositories -> repositories
    java.util.Set modules -> modules
    io.crnk.example.vertx.VertxSecurityProvider securityProvider -> securityProvider
    int port -> port
    25:32:void <init>(java.util.Set,java.util.Set,io.crnk.example.vertx.VertxSecurityProvider) -> <init>
    57:57:int getPort() -> getPort
    17:17:void <clinit>() -> <clinit>
io.crnk.example.vertx.DaggerAppComponent -> io.crnk.example.vertx.DaggerAppComponent:
# {"fileName":"DaggerAppComponent.java","id":"sourceFile"}
    32:32:io.crnk.example.vertx.DaggerAppComponent$Builder builder() -> builder
io.crnk.example.vertx.DaggerAppComponent$AppComponentImpl -> io.crnk.example.vertx.DaggerAppComponent$AppComponentImpl:
# {"fileName":"DaggerAppComponent.java","id":"sourceFile"}
    io.crnk.example.vertx.DaggerAppComponent$AppComponentImpl appComponentImpl -> appComponentImpl
    dagger.internal.Provider projectRepositoryProvider -> projectRepositoryProvider
    dagger.internal.Provider homeModuleProvider -> homeModuleProvider
    dagger.internal.Provider securityModuleProvider -> securityModuleProvider
    dagger.internal.Provider authProvider -> authProvider
    dagger.internal.Provider securityProvider -> securityProvider
    59:75:void <init>(io.crnk.example.vertx.AppModule) -> <init>
    78:78:java.util.Set setOfResourceRepository() -> setOfResourceRepository
    82:82:java.util.Set setOfModule() -> setOfModule
    86:86:io.crnk.example.vertx.CrnkVerticle crnkVerticle() -> crnkVerticle
    91:96:void initialize(io.crnk.example.vertx.AppModule) -> initialize
    100:100:io.crnk.example.vertx.AppServer server() -> server
io.crnk.example.vertx.DaggerAppComponent$Builder -> io.crnk.example.vertx.DaggerAppComponent$Builder:
# {"fileName":"DaggerAppComponent.java","id":"sourceFile"}
    io.crnk.example.vertx.AppModule appModule -> appModule
    42:43:void <init>() -> <init>
    51:54:io.crnk.example.vertx.AppComponent build() -> build
io.crnk.example.vertx.VertxSecurityProvider -> io.crnk.example.vertx.VertxSecurityProvider:
# {"fileName":"VertxSecurityProvider.java","id":"sourceFile"}
